// Jest Snapshot v1, https://goo.gl/fbAQLP

exports[`Slide Component should match snapshot 1`] = `
"<div class=\\"v-carousel-slide-active\\" style=\\"flex: 0 0 200px;\\">
  <anonymous-stub></anonymous-stub>
</div>"
`;
